---
source: crates/shep-core/src/protocol/request.rs
expression: replies
---
[
  {
    "id": 1,
    "result": {
      "Ok": {
        "kind": "pong"
      }
    }
  },
  {
    "id": 2,
    "result": {
      "Ok": {
        "kind": "flock",
        "data": [
          {
            "id": 3,
            "name": "web",
            "status": "online",
            "pid": 4242,
            "restarts": 1,
            "uptime_ms": 60000,
            "fold": "backend",
            "out_file": "/home/ada/.shep/logs/web-0-out.log",
            "err_file": "/home/ada/.shep/logs/web-0-err.log",
            "cpu_percent": 12.5,
            "memory_bytes": 50331648,
            "dog": null,
            "lambs": null,
            "last_exit": {
              "code": 1,
              "signal": null
            },
            "smit": null,
            "instance": null,
            "handshook": null,
            "dog_stale": null
          }
        ]
      }
    }
  },
  {
    "id": 3,
    "result": {
      "Err": {
        "code": "not_found",
        "message": "no sheep matches `web`"
      }
    }
  },
  {
    "id": 4,
    "result": {
      "Ok": {
        "kind": "triggered",
        "data": [
          {
            "id": 3,
            "name": "web",
            "outcome": {
              "kind": "replied",
              "body": "ok"
            }
          }
        ]
      }
    }
  },
  {
    "id": 5,
    "result": {
      "Ok": {
        "kind": "roll_saved",
        "data": {
          "path": "/home/ada/.shep/flock.json",
          "apps": 2
        }
      }
    }
  },
  {
    "id": 6,
    "result": {
      "Ok": {
        "kind": "flock",
        "data": [
          {
            "id": 7,
            "name": "otel",
            "status": "online",
            "pid": 4242,
            "restarts": 1,
            "uptime_ms": 60000,
            "fold": "backend",
            "out_file": "/home/ada/.shep/logs/web-0-out.log",
            "err_file": "/home/ada/.shep/logs/web-0-err.log",
            "cpu_percent": 12.5,
            "memory_bytes": 50331648,
            "dog": {
              "kind": "adopted",
              "path": "/usr/local/bin/shep-otel"
            },
            "lambs": null,
            "last_exit": {
              "code": 1,
              "signal": null
            },
            "smit": null,
            "instance": null,
            "handshook": null,
            "dog_stale": null
          }
        ]
      }
    }
  },
  {
    "id": 7,
    "result": {
      "Ok": {
        "kind": "dog_section",
        "data": {
          "toml": "port = 9615\n"
        }
      }
    }
  },
  {
    "id": 8,
    "result": {
      "Ok": {
        "kind": "dog_started",
        "data": {
          "id": 4,
          "name": "metrics",
          "status": "online",
          "pid": 4242,
          "restarts": 1,
          "uptime_ms": 60000,
          "fold": "backend",
          "out_file": "/home/ada/.shep/logs/web-0-out.log",
          "err_file": "/home/ada/.shep/logs/web-0-err.log",
          "cpu_percent": 12.5,
          "memory_bytes": 50331648,
          "dog": {
            "kind": "built_in"
          },
          "lambs": null,
          "last_exit": {
            "code": 1,
            "signal": null
          },
          "smit": null,
          "instance": null,
          "handshook": null,
          "dog_stale": null
        }
      }
    }
  },
  {
    "id": 9,
    "result": {
      "Ok": {
        "kind": "described",
        "data": []
      }
    }
  },
  {
    "id": 10,
    "result": {
      "Ok": {
        "kind": "started",
        "data": []
      }
    }
  },
  {
    "id": 11,
    "result": {
      "Ok": {
        "kind": "stopped",
        "data": []
      }
    }
  },
  {
    "id": 12,
    "result": {
      "Ok": {
        "kind": "restarted",
        "data": []
      }
    }
  },
  {
    "id": 13,
    "result": {
      "Ok": {
        "kind": "reloading",
        "data": []
      }
    }
  },
  {
    "id": 14,
    "result": {
      "Ok": {
        "kind": "deleted",
        "data": [
          7,
          8
        ]
      }
    }
  },
  {
    "id": 15,
    "result": {
      "Ok": {
        "kind": "reopened",
        "data": []
      }
    }
  },
  {
    "id": 16,
    "result": {
      "Ok": {
        "kind": "flushed",
        "data": []
      }
    }
  },
  {
    "id": 17,
    "result": {
      "Ok": {
        "kind": "mustered",
        "data": []
      }
    }
  },
  {
    "id": 18,
    "result": {
      "Ok": {
        "kind": "subscribed"
      }
    }
  },
  {
    "id": 19,
    "result": {
      "Ok": {
        "kind": "shutting_down"
      }
    }
  },
  {
    "id": 20,
    "result": {
      "Ok": {
        "kind": "signalled",
        "data": [
          {
            "id": 1,
            "name": "web",
            "outcome": {
              "kind": "delivered"
            }
          },
          {
            "id": 2,
            "name": "web",
            "outcome": {
              "kind": "not_running"
            }
          },
          {
            "id": 3,
            "name": "api",
            "outcome": {
              "kind": "failed",
              "reason": "no such process"
            }
          }
        ]
      }
    }
  },
  {
    "id": 21,
    "result": {
      "Ok": {
        "kind": "scaled",
        "data": [
          {
            "id": 3,
            "name": "web",
            "status": "online",
            "pid": 4242,
            "restarts": 1,
            "uptime_ms": 60000,
            "fold": "backend",
            "out_file": "/home/ada/.shep/logs/web-0-out.log",
            "err_file": "/home/ada/.shep/logs/web-0-err.log",
            "cpu_percent": 12.5,
            "memory_bytes": 50331648,
            "dog": null,
            "lambs": null,
            "last_exit": {
              "code": 1,
              "signal": null
            },
            "smit": null,
            "instance": null,
            "handshook": null,
            "dog_stale": null
          }
        ]
      }
    }
  },
  {
    "id": 22,
    "result": {
      "Ok": {
        "kind": "sent_line",
        "data": [
          {
            "id": 1,
            "name": "repl",
            "outcome": {
              "kind": "sent"
            }
          },
          {
            "id": 2,
            "name": "web",
            "outcome": {
              "kind": "no_stdin"
            }
          },
          {
            "id": 3,
            "name": "stuck",
            "outcome": {
              "kind": "not_written",
              "reason": "the app did not read its stdin within 2s"
            }
          }
        ]
      }
    }
  },
  {
    "id": 23,
    "result": {
      "Ok": {
        "kind": "described",
        "data": [
          {
            "id": 3,
            "name": "web",
            "status": "online",
            "pid": 4242,
            "restarts": 0,
            "uptime_ms": 0,
            "fold": null,
            "out_file": null,
            "err_file": null,
            "cpu_percent": null,
            "memory_bytes": null,
            "dog": null,
            "lambs": [
              {
                "pid": 4243,
                "name": "node"
              },
              {
                "pid": 4244,
                "name": "sh"
              }
            ],
            "last_exit": null,
            "smit": null,
            "instance": null,
            "handshook": null,
            "dog_stale": null
          }
        ]
      }
    }
  },
  {
    "id": 24,
    "result": {
      "Ok": {
        "kind": "flock",
        "data": [
          {
            "id": 5,
            "name": "worker",
            "status": "stopped",
            "pid": null,
            "restarts": 1,
            "uptime_ms": 0,
            "fold": null,
            "out_file": null,
            "err_file": null,
            "cpu_percent": null,
            "memory_bytes": null,
            "dog": null,
            "lambs": null,
            "last_exit": {
              "code": null,
              "signal": 15
            },
            "smit": null,
            "instance": null,
            "handshook": null,
            "dog_stale": null
          }
        ]
      }
    }
  },
  {
    "id": 25,
    "result": {
      "Ok": {
        "kind": "smit_painted",
        "data": [
          {
            "id": 3,
            "name": "web",
            "status": "online",
            "pid": 4242,
            "restarts": 0,
            "uptime_ms": 0,
            "fold": null,
            "out_file": null,
            "err_file": null,
            "cpu_percent": null,
            "memory_bytes": null,
            "dog": null,
            "lambs": null,
            "last_exit": null,
            "smit": "▲ main@a1b2c3",
            "instance": null,
            "handshook": null,
            "dog_stale": null
          }
        ]
      }
    }
  },
  {
    "id": 26,
    "result": {
      "Ok": {
        "kind": "drifted",
        "data": [
          {
            "name": "web",
            "fields": [
              "cwd"
            ]
          },
          {
            "name": "api",
            "fields": [
              "args",
              "env",
              "script"
            ]
          }
        ]
      }
    }
  },
  {
    "id": 27,
    "result": {
      "Ok": {
        "kind": "flock",
        "data": [
          {
            "id": 9,
            "name": "web",
            "status": "online",
            "pid": 5150,
            "restarts": 0,
            "uptime_ms": 0,
            "fold": null,
            "out_file": null,
            "err_file": null,
            "cpu_percent": null,
            "memory_bytes": null,
            "dog": null,
            "lambs": null,
            "last_exit": null,
            "smit": null,
            "instance": 2,
            "handshook": null,
            "dog_stale": null
          }
        ]
      }
    }
  },
  {
    "id": 28,
    "result": {
      "Ok": {
        "kind": "handover_fitness",
        "data": {
          "refusal": null
        }
      }
    }
  },
  {
    "id": 29,
    "result": {
      "Ok": {
        "kind": "handover_fitness",
        "data": {
          "refusal": "sheep 'web' has a shepherd channel"
        }
      }
    }
  },
  {
    "id": 30,
    "result": {
      "Ok": {
        "kind": "dog_staleness",
        "data": {
          "stale": [
            "metrics"
          ],
          "pending": [
            "bark"
          ]
        }
      }
    }
  },
  {
    "id": 31,
    "result": {
      "Ok": {
        "kind": "flock",
        "data": [
          {
            "id": 10,
            "name": "log-rotate",
            "status": "online",
            "pid": 208341,
            "restarts": 0,
            "uptime_ms": 0,
            "fold": null,
            "out_file": null,
            "err_file": null,
            "cpu_percent": null,
            "memory_bytes": null,
            "dog": {
              "kind": "adopted",
              "path": "/usr/local/bin/shep-log-rotate"
            },
            "lambs": null,
            "last_exit": null,
            "smit": null,
            "instance": null,
            "handshook": false,
            "dog_stale": false
          }
        ]
      }
    }
  },
  {
    "id": 32,
    "result": {
      "Ok": {
        "kind": "flock",
        "data": [
          {
            "id": 10,
            "name": "log-rotate",
            "status": "online",
            "pid": 208341,
            "restarts": 0,
            "uptime_ms": 0,
            "fold": null,
            "out_file": null,
            "err_file": null,
            "cpu_percent": null,
            "memory_bytes": null,
            "dog": {
              "kind": "adopted",
              "path": "/usr/local/bin/shep-log-rotate"
            },
            "lambs": null,
            "last_exit": null,
            "smit": null,
            "instance": null,
            "handshook": false,
            "dog_stale": true
          }
        ]
      }
    }
  },
  {
    "id": 32,
    "result": {
      "Ok": {
        "kind": "applied",
        "data": [
          {
            "name": "web",
            "applied": [
              "max_memory"
            ],
            "pending": [],
            "refused": null
          },
          {
            "name": "api",
            "applied": [],
            "pending": [
              "args",
              "env"
            ],
            "refused": null
          },
          {
            "name": "worker",
            "applied": [],
            "pending": [],
            "refused": "worker is not registered"
          }
        ]
      }
    }
  },
  {
    "id": 33,
    "result": {
      "Ok": {
        "kind": "added",
        "data": []
      }
    }
  },
  {
    "id": 34,
    "result": {
      "Ok": {
        "kind": "sheep_config",
        "data": {
          "name": "web",
          "config": {
            "name": "web",
            "script": "./srv",
            "args": [],
            "cwd": null,
            "interpreter": null,
            "env": {},
            "instances": 1,
            "autorestart": true,
            "autostart": true,
            "stop_exit_codes": [],
            "min_uptime": "1s",
            "max_restarts": 16,
            "restart_delay": null,
            "exp_backoff_restart_delay": "100",
            "kill_signal": null,
            "kill_timeout": "1600",
            "shutdown_with_message": false,
            "listen_timeout": "3s",
            "graceful_timeout": "8s",
            "action_timeout": "3s",
            "max_memory": null,
            "watch": false,
            "ignore_watch": [],
            "watch_delay": null,
            "cron_restart": null,
            "fold": null,
            "depends_on": [],
            "user": null,
            "group": null,
            "out_file": null,
            "err_file": null,
            "merge_logs": false,
            "channel": false,
            "stdin": false,
            "wait_ready": false,
            "reuse_port": false,
            "readiness_probe": null,
            "liveness_probe": null,
            "watch_options": [],
            "cron_timezone": null,
            "increment_var": null
          },
          "env_keys": [
            "DATABASE_URL"
          ],
          "overridden": [
            "max_restarts"
          ],
          "pending": [
            "env"
          ]
        }
      }
    }
  },
  {
    "id": 35,
    "result": {
      "Ok": {
        "kind": "sheep_env_set",
        "data": {
          "name": "web",
          "key": "DATABASE_URL"
        }
      }
    }
  },
  {
    "id": 36,
    "result": {
      "Ok": {
        "kind": "sheep_field_set",
        "data": {
          "name": "web",
          "key": "script",
          "pending": true
        }
      }
    }
  },
  {
    "id": 37,
    "result": {
      "Ok": {
        "kind": "dog_config_set",
        "data": {
          "name": "bark"
        }
      }
    }
  }
]
