---
source: crates/shep-cli/src/lookout/view/pane.rs
expression: "text.join(\"\\n\")"
---
  bark  (dog config)                                                                                                    
>  history_bytes              4096                                                                                      
   poll                       60s                                                                                       
 ~ rules                      (unset)                                                                                   
   sink_timeout               (unset)                                                                                   
 ~ sinks                      <set>                                                                                     
  shep publishes the change; bark decides what to reload
