---
source: crates/shep-cli/src/lookout/view/pane.rs
expression: "text_of(&lines).join(\"\\n\")"
---
 ██ web  0 edits                                                                                                        
  web  (sheep config)                                                                                                   
   process   logging   inputs   restart   readiness   shutdown   watch   cron     tab next group   1…8 jump             
  ──────────────────────────────────────────────────────────────────────────────────────────────────────────────────────
  KEY                         VALUE                                                                           COST      
>  cwd                        (unset)                                                                         respawn   
   depends_on                 []                                                                              next start
   fold                       (unset)                                                                         now       
   group                      (unset)                                                                         respawn   
 = instances                  3                                                                               read-only 
   interpreter                (unset)                                                                         respawn   
 = name                       web                                                                             read-only 
  *reuse_port                 false                                                                           now       
   script                     ./srv                                                                           respawn   
   user                       (unset)                                                                         respawn   

  env
    DB_HOST  <set>
    LOG_LEVEL  <set>
    + add a key
  ──────────────────────────────────────────────────────────────────────────────────────────────────────────────────────
  enter edit   space cycle   tab group   u undo   esc save & close
