---
source: crates/shep-cli/src/lookout/view/pane.rs
expression: "text_of(&lines).join(\"\\n\")"
---
 ██ web  (sheep config)                                                                                                 
   process   logging   inputs   restart   readiness   shutdown   watch   cron     tab next group   1…8 jump             
  ──────────────────────────────────────────────────────────────────────────────────────────────────────────────────────
  2 saved fields wait on the running sheep: L reload (serial), R restart, esc leave them parked                         
>  cwd                        (unset)                              FOCUSED  cwd  text
   depends_on                 []                                    Where the process runs. Without it, the daemon's own
   fold                       (unset)                               directory
   group                      (unset)                             
 = instances                  3                                     now     (unset)
   interpreter                (unset)                               default (none)
 = name                       web                                   example /srv/app
  *reuse_port                 false                               
   script                     ./srv                                 ▲ respawn  the sheep must stop and start again
   user                       (unset)                                            pick the timing when you close the pane
                                                                  
  env                                                               ────────────────────────────────────────────────────
   DB_HOST                    (set)                                 VALIDATION
   LOG_LEVEL                  (set)                                 █ an absolute or relative path, expanded from cwd
   + add a key                                                      █ ~ expands, $VARS do not
                                                                  
                                                                    NEIGHBOURS
                                                                    script  resolved against this cwd
                                                                    out_file  relative paths follow it too
                                                                    watch_options  globs are rooted here
  ──────────────────────────────────────────────────────────────────────────────────────────────────────────────────────
  = read-only, set it in the Flockfile   ~ no widget for this shape   ! parked, awaits a respawn   * yours   -> changed…
