---
source: crates/shep-cli/src/lookout/frames.rs
expression: render_text(&buffer)
---
shep lookout   /home/ada/.shep                                                                            2 in the flock
                                                                                                                        
  [daemon]                                                                                                              
> log_level        warn                            shep.toml    needs shep daemon reload                                
  log_json         false                           the default  needs shep daemon reload                                
  socket           /home/ada/.shep/run/shep.sock   shep.toml    needs the shepherd stopped and started                  
  max_cron_sleep   30s                             shep.toml    needs shep daemon reload                                
                                                                                                                        
  [whistle]                                                                                                             
  allow_control    false                           the default  needs shep whistle restarted                            
                                                                                                                        
  [style]                                                                                                               
  level            full                            shep.toml    the next command reads it                               
                                                                                                                        
  [dogs]                                                                                                                
  space arms, Enter applies; a dog needs no reload                                                                      
  NAME                                                                IN FILE  SOURCE                    RUNNING        
  otel                                                                no       /usr/local/bin/shep-otel  online         
  ledger                                                              yes      /opt/ledger/bin/dog       not running    
  bark                                                                yes      built-in                  silent         
                                                                                                                        
                                                                                                                        
                                                                                                                        
                                                                                                                        
                                                                                                                        
                                                                                                                        
                                                                                                                        
                                                                                                                        
                                                                                                                        
esc/s close   j/k select   g/G first/last   r refresh   space cycle   enter apply   q quit               control enabled
