---
source: crates/shep-cli/src/lookout/frames.rs
assertion_line: 2149
expression: render_text(&buffer)
---
shep lookout   /home/ada/.shep                                                                            4 in the flock
host  load  ██░░░░░░░░ 2.31 4.10 3.88 / 10 cores     0 errored · 0 parked   host mem  ████░░░░░░ 12.4G / 32.0G     floc…
  ID    NAME        STATUS           PID      RESTARTS  EXIT       CPU     MEM       UPTIME    FOLD        SMIT         
────────────────────────────────────────────────────────────────────────────────────────────────────────────────────────
   ██ FLOCK                                                                                                             
  3     api         online           48219    1         -          7.1%    241.0M    1h 29m    edge        -            
        web ×3      online                    3                    9.4%    540.0M    15m       edge        -            
  0      ↳ :0       online           48400    0         -          3.4%    182.0M    1h 25m                             
  1      ↳ :1       online           48401    2         -          2.9%    178.0M    15m                                
  2      ↳ :2       online           48402    1         -          3.1%    180.0M    2h 40m                             
                                                                                                                        
                                                                                                                        
                                                                                                                        
                                                                                                                        
                                                                                                                        
                                                                                                                        
                                                                                                                        
────────────────────────────────────────────────────────────────────────────────────────────────────────────────────────
app web ×3  online   restarts 3   uptime 15m   cpu 9.4%   mem 540.0M                                                    
lambs  not shown for a group; select one instance                                                                       
                                                                                                                        
                                                                                                                        
────────────────────────────────────────────────────────────────────────────────────────────────────────────────────────
 ██ BLEATS bleats  web  follows one instance; select one to see its log                                                 
                                                                                                                        
                                                                                                                        
                                                                                                                        
                                                                                                                        
                                                                                                                        
q quit   j/k select   / filter   x stop   R restart   L reload   s settings   e edit   * yours   ! park… control enabled
