---
source: crates/shep-cli/src/lookout/frames.rs
assertion_line: 2149
expression: render_text(&buffer)
---
shep lookout   /home/ada/.shep                                                        0 in the flock
host  load  ██░░░░░░░░ 2.31 4.10 3.88 / 10 cores     0 errored · 0 parked   host mem  ████░░░░░░ 12…
  ID    NAME               STATUS           PID      RESTARTS  EXIT       CPU     MEM       UPTIME  
────────────────────────────────────────────────────────────────────────────────────────────────────
the flock is empty                                                                                  
                                                                                                    
                                                                                                    
                                                                                                    
                                                                                                    
                                                                                                    
                                                                                                    
                                                                                                    
                                                                                                    
                                                                                                    
                                                                                                    
────────────────────────────────────────────────────────────────────────────────────────────────────
no sheep selected: the flock is empty                                                               
                                                                                                    
                                                                                                    
                                                                                                    
────────────────────────────────────────────────────────────────────────────────────────────────────
 ██ BLEATS bleats  no sheep is selected                                                             
                                                                                                    
                                                                                                    
                                                                                                    
                                                                                                    
                                                                                                    
q quit   j/k select   / filter   x stop   R restart   L reload   s settings   e edi… control enabled
