---
source: crates/shep-cli/src/lookout/frames.rs
expression: render_text(&buffer)
---
shep lookout   /home/ada/.shep                                                                                                3 in the flock
host  load  ██░░░░░░░░ 2.31 4.10 3.88 / 10 cores     0 errored · 1 parked   host mem  ████░░░░░░ 12.4G / 32.0G     flock cpu 7.5% ▅█▅▇▄▆▇▆ …
  ID    NAME          STATUS           PID      RESTARTS  EXIT       CFG   CPU 20s     CPU     MEM       UPTIME    FOLD        SMIT         
────────────────────────────────────────────────────────────────────────────────────────────────────────────────────────────────────────────
   ██ FLOCK                                                                                                                                 
  11    api           online           48411    0         -          *1    ██████████  3.0%    96.0M     1h 41m    edge        -            
  12    cron          online           48412    0         -          -     ██████████  0.5%    8.0M      1h 43m    -           -            
  10    web           online           48410    0         -          !2    ▂▆▃█▄▇▃▅▇▅  4.0%    64.0M     1h 40m    edge        -            
                                                                                                                                            
                                                                                                                                            
                                                                                                                                            
                                                                                                                                            
                                                                                                                                            
                                                                                                                                            
                                                                                                                                            
                                                                                                                                            
                                                                                                                                            
────────────────────────────────────────────────────────────────────────────────────────────────────────────────────────────────────────────
 ██ SHEEP 10  web   online   pid 48410   restarts 0   uptime 1h 40m   cpu 4.0%   mem 64.0M   fold edge   cfg !2 pending                     
lambs  not read yet                                                                                                                         
out  /home/ada/.shep/logs/web-10-out.log   │   err  /home/ada/.shep/logs/web-10-err.log                                                     
                                                                                                                                            
────────────────────────────────────────────────────────────────────────────────────────────────────────────────────────────────────────────
 ██ BLEATS bleats  web  … 1 earlier line not shown                                                                                          
out  GET /healthz 200 3ms                                                                                                                   
out  GET /v1/orders 200 44ms                                                                                                                
out  POST /v1/orders 201 88ms                                                                                                               
out  GET /v1/orders/8821 200 9ms                                                                                                            
out  connection pool: 14/50 in use                                                                                                          
q quit   j/k select   / filter   x stop   R restart   L reload   s settings   e edit   * yours   ! parked                    control enabled
