---
source: crates/shep-cli/src/output/table.rs
expression: rendered
---
┌────┬────────┬────────┬──────┬──────────┬──────┬─────┬─────┬─────┬────────┐
│ ID │ NAME   │ STATUS │ PID  │ RESTARTS │ EXIT │ CFG │ CPU │ MEM │ UPTIME │
├────┼────────┼────────┼──────┼──────────┼──────┼─────┼─────┼─────┼────────┤
│ 0  │ web    │ (o.o)  │ 1234 │ 0        │ -    │ -   │ -   │ -   │ 1h 2m  │
│ 1  │ worker │ (o~o)  │ -    │ 0        │ -    │ -   │ -   │ -   │ 0s     │
│ 2  │ api    │ (x.x)  │ -    │ 4        │ -    │ -   │ -   │ -   │ 0s     │
│ 3  │ cron   │ (-.-)  │ -    │ 0        │ -    │ -   │ -   │ -   │ 0s     │
└────┴────────┴────────┴──────┴──────────┴──────┴─────┴─────┴─────┴────────┘
  FOLD, SMIT hidden. Widen the window, or use --format json.
