---
source: crates/shep-cli/src/output/table.rs
expression: rendered
---
ID  NAME    STATUS    PID   RESTARTS  EXIT  CFG  CPU  MEM  UPTIME  FOLD  SMIT
0   web     online    1234  0         -     -    -    -    1h 2m   -     -
1   worker  starting  -     0         -     -    -    -    0s      -     -
2   api     errored   -     4         -     -    -    -    0s      -     -
3   cron    stopped   -     0         -     -    -    -    0s      -     -
